// Vitest Snapshot v1, https://vitest.dev/guide/snapshot.html

exports[`VSearchResultsTitle > accessible heading > {"searchType":"all","resultCounts":[["image",0],["audio",0]]} 1`] = `undefined`;

exports[`VSearchResultsTitle > accessible heading > {"searchType":"all","resultCounts":[["image",0],["audio",10]]} 1`] = `undefined`;

exports[`VSearchResultsTitle > accessible heading > {"searchType":"all","resultCounts":[["image",0],["audio",4300]]} 1`] = `undefined`;

exports[`VSearchResultsTitle > accessible heading > {"searchType":"all","resultCounts":[["image",0],["audio",10000]]} 1`] = `undefined`;

exports[`VSearchResultsTitle > accessible heading > {"searchType":"all","resultCounts":[["image",0],["audio",10001]]} 1`] = `undefined`;

exports[`VSearchResultsTitle > accessible heading > {"searchType":"all","resultCounts":[["image",10],["audio",0]]} 1`] = `undefined`;

exports[`VSearchResultsTitle > accessible heading > {"searchType":"all","resultCounts":[["image",10],["audio",10]]} 1`] = `undefined`;

exports[`VSearchResultsTitle > accessible heading > {"searchType":"all","resultCounts":[["image",10],["audio",4300]]} 1`] = `undefined`;

exports[`VSearchResultsTitle > accessible heading > {"searchType":"all","resultCounts":[["image",10],["audio",10000]]} 1`] = `undefined`;

exports[`VSearchResultsTitle > accessible heading > {"searchType":"all","resultCounts":[["image",10],["audio",10001]]} 1`] = `undefined`;

exports[`VSearchResultsTitle > accessible heading > {"searchType":"all","resultCounts":[["image",4300],["audio",0]]} 1`] = `undefined`;

exports[`VSearchResultsTitle > accessible heading > {"searchType":"all","resultCounts":[["image",4300],["audio",10]]} 1`] = `undefined`;

exports[`VSearchResultsTitle > accessible heading > {"searchType":"all","resultCounts":[["image",4300],["audio",4300]]} 1`] = `undefined`;

exports[`VSearchResultsTitle > accessible heading > {"searchType":"all","resultCounts":[["image",4300],["audio",10000]]} 1`] = `undefined`;

exports[`VSearchResultsTitle > accessible heading > {"searchType":"all","resultCounts":[["image",4300],["audio",10001]]} 1`] = `undefined`;

exports[`VSearchResultsTitle > accessible heading > {"searchType":"all","resultCounts":[["image",10000],["audio",0]]} 1`] = `undefined`;

exports[`VSearchResultsTitle > accessible heading > {"searchType":"all","resultCounts":[["image",10000],["audio",10]]} 1`] = `undefined`;

exports[`VSearchResultsTitle > accessible heading > {"searchType":"all","resultCounts":[["image",10000],["audio",4300]]} 1`] = `undefined`;

exports[`VSearchResultsTitle > accessible heading > {"searchType":"all","resultCounts":[["image",10000],["audio",10000]]} 1`] = `undefined`;

exports[`VSearchResultsTitle > accessible heading > {"searchType":"all","resultCounts":[["image",10000],["audio",10001]]} 1`] = `undefined`;

exports[`VSearchResultsTitle > accessible heading > {"searchType":"all","resultCounts":[["image",10001],["audio",0]]} 1`] = `undefined`;

exports[`VSearchResultsTitle > accessible heading > {"searchType":"all","resultCounts":[["image",10001],["audio",10]]} 1`] = `undefined`;

exports[`VSearchResultsTitle > accessible heading > {"searchType":"all","resultCounts":[["image",10001],["audio",4300]]} 1`] = `undefined`;

exports[`VSearchResultsTitle > accessible heading > {"searchType":"all","resultCounts":[["image",10001],["audio",10000]]} 1`] = `undefined`;

exports[`VSearchResultsTitle > accessible heading > {"searchType":"all","resultCounts":[["image",10001],["audio",10001]]} 1`] = `undefined`;

exports[`VSearchResultsTitle > accessible heading > {"searchType":"audio","resultCounts":[["audio",0],["image",0]]} 1`] = `undefined`;

exports[`VSearchResultsTitle > accessible heading > {"searchType":"audio","resultCounts":[["audio",10],["image",0]]} 1`] = `undefined`;

exports[`VSearchResultsTitle > accessible heading > {"searchType":"audio","resultCounts":[["audio",4300],["image",0]]} 1`] = `undefined`;

exports[`VSearchResultsTitle > accessible heading > {"searchType":"audio","resultCounts":[["audio",10000],["image",0]]} 1`] = `undefined`;

exports[`VSearchResultsTitle > accessible heading > {"searchType":"audio","resultCounts":[["audio",10001],["image",0]]} 1`] = `undefined`;

exports[`VSearchResultsTitle > accessible heading > {"searchType":"image","resultCounts":[["image",0],["audio",0]]} 1`] = `undefined`;

exports[`VSearchResultsTitle > accessible heading > {"searchType":"image","resultCounts":[["image",10],["audio",0]]} 1`] = `undefined`;

exports[`VSearchResultsTitle > accessible heading > {"searchType":"image","resultCounts":[["image",4300],["audio",0]]} 1`] = `undefined`;

exports[`VSearchResultsTitle > accessible heading > {"searchType":"image","resultCounts":[["image",10000],["audio",0]]} 1`] = `undefined`;

exports[`VSearchResultsTitle > accessible heading > {"searchType":"image","resultCounts":[["image",10001],["audio",0]]} 1`] = `undefined`;

exports[`VSearchResultsTitle > should render an h1 tag containing the correct text 1`] = `undefined`;
